20:09:01 **** Auto Build of configuration Debug for project ur_2_2 ****
make pre-build main-build 
a9-linaro-pre-build-step
' '
'Building file: ../src/interrupt_counter_tut_2D.c'
'Invoking: ARM v7 gcc compiler'
arm-none-eabi-gcc -Wall -O0 -g3 -c -fmessage-length=0 -MT"src/interrupt_counter_tut_2D.o" -mcpu=cortex-a9 -mfpu=vfpv3 -mfloat-abi=hard -I../../ur_2_2_bsp/ps7_cortexa9_0/include -MMD -MP -MF"src/interrupt_counter_tut_2D.d" -MT"src/interrupt_counter_tut_2D.o" -o "src/interrupt_counter_tut_2D.o" "../src/interrupt_counter_tut_2D.c"
In file included from ../src/interrupt_counter_tut_2D.c:33:0:
../../ur_2_2_bsp/ps7_cortexa9_0/include/xtime_l.h:89:9: note: #pragma message: For the sleep routines, Global timer is being used
 #pragma message ("For the sleep routines, Global timer is being used")
         ^~~~~~~
In file included from ../../ur_2_2_bsp/ps7_cortexa9_0/include/xgpio.h:135:0,
                 from ../src/interrupt_counter_tut_2D.c:28:
../src/interrupt_counter_tut_2D.c: In function 'reInitTimer':
../../ur_2_2_bsp/ps7_cortexa9_0/include/xstatus.h:65:41: warning: 'return' with a value, in function returning void
 #define XST_FAILURE                     1L
                                         ^
../src/interrupt_counter_tut_2D.c:743:37: note: in expansion of macro 'XST_FAILURE'
    if(status != XST_SUCCESS) return XST_FAILURE;
                                     ^~~~~~~~~~~
../src/interrupt_counter_tut_2D.c:740:6: note: declared here
 void reInitTimer(){
      ^~~~~~~~~~~
In file included from ../../ur_2_2_bsp/ps7_cortexa9_0/include/xgpio.h:135:0,
                 from ../src/interrupt_counter_tut_2D.c:28:
../../ur_2_2_bsp/ps7_cortexa9_0/include/xstatus.h:65:41: warning: 'return' with a value, in function returning void
 #define XST_FAILURE                     1L
                                         ^
../src/interrupt_counter_tut_2D.c:750:37: note: in expansion of macro 'XST_FAILURE'
    if(status != XST_SUCCESS) return XST_FAILURE;
                                     ^~~~~~~~~~~
../src/interrupt_counter_tut_2D.c:740:6: note: declared here
 void reInitTimer(){
      ^~~~~~~~~~~
'Finished building: ../src/interrupt_counter_tut_2D.c'
' '
'Building target: ur_2_2.elf'
'Invoking: ARM v7 gcc linker'
arm-none-eabi-gcc -mcpu=cortex-a9 -mfpu=vfpv3 -mfloat-abi=hard -Wl,-build-id=none -specs=Xilinx.spec -Wl,-T -Wl,../src/lscript.ld -L../../ur_2_2_bsp/ps7_cortexa9_0/lib -o "ur_2_2.elf"  ./src/interrupt_counter_tut_2D.o   -Wl,--start-group,-lxil,-lgcc,-lc,--end-group
'Finished building target: ur_2_2.elf'
' '
'Invoking: ARM v7 Print Size'
arm-none-eabi-size ur_2_2.elf  |tee "ur_2_2.elf.size"
   text	   data	    bss	    dec	    hex	filename
  37304	   2816	  22840	  62960	   f5f0	ur_2_2.elf
'Finished building: ur_2_2.elf.size'
' '

20:09:02 Build Finished (took 1s.87ms)

