15:55:30 **** Auto Build of configuration Debug for project ur_9 ****
make pre-build main-build 
a9-linaro-pre-build-step
' '
'Building file: ../src/casio_watch.c'
'Invoking: ARM v7 gcc compiler'
arm-none-eabi-gcc -Wall -O0 -g3 -c -fmessage-length=0 -MT"src/casio_watch.o" -mcpu=cortex-a9 -mfpu=vfpv3 -mfloat-abi=hard -I../../ur_3_bsp/ps7_cortexa9_0/include -MMD -MP -MF"src/casio_watch.d" -MT"src/casio_watch.o" -o "src/casio_watch.o" "../src/casio_watch.c"
In file included from ../src/casio_watch.c:34:0:
../../ur_3_bsp/ps7_cortexa9_0/include/xtime_l.h:89:9: note: #pragma message: For the sleep routines, Global timer is being used
 #pragma message ("For the sleep routines, Global timer is being used")
         ^~~~~~~
In file included from ../../ur_3_bsp/ps7_cortexa9_0/include/xgpio.h:135:0,
                 from ../src/casio_watch.c:29:
../src/casio_watch.c: In function 'reInitTimer':
../../ur_3_bsp/ps7_cortexa9_0/include/xstatus.h:65:41: warning: 'return' with a value, in function returning void
 #define XST_FAILURE                     1L
                                         ^
../src/casio_watch.c:934:37: note: in expansion of macro 'XST_FAILURE'
    if(status != XST_SUCCESS) return XST_FAILURE;
                                     ^~~~~~~~~~~
../src/casio_watch.c:931:6: note: declared here
 void reInitTimer(){
      ^~~~~~~~~~~
In file included from ../../ur_3_bsp/ps7_cortexa9_0/include/xgpio.h:135:0,
                 from ../src/casio_watch.c:29:
../../ur_3_bsp/ps7_cortexa9_0/include/xstatus.h:65:41: warning: 'return' with a value, in function returning void
 #define XST_FAILURE                     1L
                                         ^
../src/casio_watch.c:941:37: note: in expansion of macro 'XST_FAILURE'
    if(status != XST_SUCCESS) return XST_FAILURE;
                                     ^~~~~~~~~~~
../src/casio_watch.c:931:6: note: declared here
 void reInitTimer(){
      ^~~~~~~~~~~
'Finished building: ../src/casio_watch.c'
' '
'Building target: ur_9.elf'
'Invoking: ARM v7 gcc linker'
arm-none-eabi-gcc -mcpu=cortex-a9 -mfpu=vfpv3 -mfloat-abi=hard -Wl,-build-id=none -specs=Xilinx.spec -Wl,-T -Wl,../src/lscript.ld -L../../ur_3_bsp/ps7_cortexa9_0/lib -o "ur_9.elf"  ./src/casio_watch.o   -Wl,--start-group,-lxil,-lgcc,-lc,--end-group
'Finished building target: ur_9.elf'
' '
'Invoking: ARM v7 Print Size'
arm-none-eabi-size ur_9.elf  |tee "ur_9.elf.size"
   text	   data	    bss	    dec	    hex	filename
  42676	   2832	  22872	  68380	  10b1c	ur_9.elf
'Finished building: ur_9.elf.size'
' '

15:55:31 Build Finished (took 1s.16ms)

